[www.influex.com/index.html]
[backblue.gif]
[fade.gif]
[index.html]
[cdnjs.cloudflare.com/ajax/libs/intl-tel-input/17.0.8/css/intlTelInput.min9704.css]
[www.influex.com/wp-content/plugins/instagram-feed/css/sbi-styles.minb6a4.css]
[www.influex.com/feed/index.html]
[www.influex.com/wp-content/plugins/metronet-profile-picture/dist/blocks.style.build6fca.css]
[cdnjs.cloudflare.com/ajax/libs/magnific-popup.js/1.0.0/magnific-popup.min.css]
[www.influex.com/wp-content/plugins/influex-video-popup/assets/css/styles3ba1.css]
[www.influex.com/wp-includes/css/dashicons.min9704.css]
[www.influex.com/wp-content/themes/genesis-child/customb6db.css]
[www.influex.com/wp-content/plugins/elementor/assets/css/frontend.min18be.css]
[www.influex.com/wp-content/plugins/elementor/assets/css/widget-heading.min18be.css]
[www.influex.com/wp-content/plugins/elementor/assets/css/widget-text-editor.min18be.css]
[www.influex.com/wp-content/plugins/elementor/assets/css/widget-image-box.min18be.css]
[www.influex.com/wp-content/plugins/elementor/assets/css/widget-icon-box.min18be.css]
[www.influex.com/wp-content/plugins/elementor-pro/assets/css/widget-nav-menu.min401f.css]
[www.influex.com/wp-content/plugins/elementor/assets/css/widget-social-icons.min18be.css]
[www.influex.com/wp-content/plugins/elementor/assets/css/conditionals/apple-webkit.min18be.css]
[www.influex.com/wp-content/plugins/elementor-pro/assets/css/widget-animated-headline.min401f.css]
[www.influex.com/wp-content/plugins/elementor/assets/lib/eicons/css/elementor-icons.min444a.css]
[www.influex.com/wp-content/plugins/elementor/assets/lib/swiper/v8/css/swiper.min94a4.css]
[www.influex.com/wp-content/plugins/elementor/assets/css/conditionals/e-swiper.min18be.css]
[www.influex.com/wp-content/uploads/elementor/css/post-9c646.css]
[www.influex.com/wp-content/plugins/elementor-pro/assets/css/conditionals/popup.min401f.css]
[www.influex.com/wp-content/plugins/image-hover-effects-addon-for-elementor/assets/style.minc2d0.css]
[www.influex.com/wp-content/plugins/elementor/assets/css/widget-social-icons.min2401.css]
[www.influex.com/wp-content/plugins/ultimate-elementor/assets/min-css/uael-frontend.min871e.css]
[www.influex.com/wp-content/plugins/elementor/assets/lib/font-awesome/css/brands52d5.css]
[www.influex.com/wp-content/plugins/elementor/assets/lib/font-awesome/css/fontawesome52d5.css]
[www.influex.com/wp-content/plugins/elementor/assets/lib/font-awesome/css/solid52d5.css]
[www.influex.com/wp-content/plugins/elementor/assets/lib/font-awesome/css/all.min18be.css]
[www.influex.com/wp-content/plugins/elementor/assets/lib/font-awesome/css/v4-shims.min18be.css]
[www.influex.com/wp-content/plugins/elementor/assets/css/widget-spacer.min18be.css]
[www.influex.com/wp-content/uploads/elementor/css/post-10256c646.css]
[www.influex.com/wp-content/uploads/elementor/css/post-11890c646.css]
[www.influex.com/wp-content/uploads/elementor/css/post-11876c646.css]
[www.influex.com/wp-content/uploads/elementor/css/post-11858c646.css]
[www.influex.com/wp-content/uploads/elementor/css/post-10228c646.css]
[www.influex.com/wp-content/uploads/elementor/css/post-10255c27d.css]
[www.influex.com/wp-content/plugins/elementor/assets/lib/font-awesome/css/fontawesome.min52d5.css]
[www.influex.com/wp-content/plugins/elementor/assets/lib/font-awesome/css/solid.min52d5.css]
[www.influex.com/wp-includes/js/jquery/jquery.minf43b.js]
[cdnjs.cloudflare.com/ajax/libs/intl-tel-input/17.0.8/js/intlTelInput.min9704.js]
[www.influex.com/wp-includes/js/jquery/jquery-migrate.min5589.js]
[cdnjs.cloudflare.com/ajax/libs/intl-tel-input/17.0.8/js/utils.min9704.js]
[www.influex.com/wp-content/plugins/automatic-upload-images/public/js/automatic-upload-images-public8a54.js]
[www.influex.com/wp-content/themes/genesis-child/js/custom-scriptc418.js]
[www.influex.com/wp-content/plugins/elementor/assets/lib/font-awesome/js/v4-shims.min18be.js]
[www.influex.com/wp-json/index.html]
[www.influex.com/wp-json/wp/v2/pages/10256.json]
[www.influex.com/xmlrpc0db0.php]
[www.influex.com/wp-json/oembed/1.0/embed6d2e.json]
[www.influex.com/wp-json/oembed/1.0/embeda479]
[cdnjs.cloudflare.com/ajax/libs/flickity/3.0.0/flickity.min.css]
[cdn.jsdelivr.net/npm/simplebar@latest/dist/simplebar.css]
[cdnjs.cloudflare.com/ajax/libs/slick-carousel/1.8.1/slick.min.css]
[cdnjs.cloudflare.com/ajax/libs/slick-carousel/1.8.1/slick-theme.min.css]
[cdn.jsdelivr.net/npm/cookieconsent@3/build/cookieconsent.min.css]
[www.influex.com/wp-content/uploads/2023/03/fav-influex-48x48.png]
[www.influex.com/wp-content/uploads/2023/03/fav-influex.png]
[www.influex.com/wp-content/uploads/2023/03/influex-logo.svg]
[www.influex.com/wp-content/uploads/2023/03/inc-5000.svg]
[www.influex.com/who-we-are/index.html]
[www.influex.com/wp-content/uploads/2023/03/forbes.svg]
[www.influex.com/media/index.html]
[www.influex.com/portfolio/index.html]
[www.influex.com/process-2024/index.html]
[www.influex.com/apply/index.html]
[www.influex.com/wp-content/uploads/2023/03/entrepreneur.svg]
[www.influex.com/wp-content/uploads/2023/04/logo.svg]
[www.influex.com/wp-content/uploads/2023/04/LOGO-CHRONOSAGENCY-1.svg]
[www.influex.com/wp-content/uploads/2023/04/Path-3.svg]
[www.influex.com/wp-content/uploads/2023/04/Path-3485.svg]
[www.influex.com/wp-content/uploads/2023/04/Path-6659.svg]
[www.influex.com/wp-content/uploads/2023/04/Rectangle-1760.svg]
[www.influex.com/wp-content/uploads/2023/04/Rectangle-1761.svg]
[www.influex.com/wp-content/uploads/2023/04/Union.svg]
[www.influex.com/wp-content/uploads/2023/04/Vector.svg]
[www.influex.com/wp-content/uploads/2023/04/Vector-1.svg]
[www.influex.com/wp-content/uploads/2023/04/Vector-2.svg]
[www.influex.com/wp-content/uploads/2023/04/Vector-3.svg]
[www.influex.com/wp-content/uploads/2023/04/Vector-4.svg]
[www.influex.com/wp-content/uploads/2023/04/Vector-5.svg]
[www.influex.com/wp-content/uploads/2023/04/Vector-6.svg]
[www.influex.com/wp-content/uploads/2023/04/wcs-logo-01.svg]
[www.influex.com/wp-content/uploads/2023/04/Aaron-Wagner.svg]
[www.influex.com/wp-content/uploads/2023/04/Abundance-Amplifier.svg]
[www.influex.com/wp-content/uploads/2023/04/Adam-Roa-logo.svg]
[www.influex.com/wp-content/uploads/2023/04/Advance-Your-Reach-logo-1.svg]
[www.influex.com/wp-content/uploads/2023/04/Alex-Bates-2.svg]
[www.influex.com/wp-content/uploads/2023/04/Alex-Moscow-logo-1.svg]
[www.influex.com/wp-content/uploads/2023/04/American-Snippets-logo.svg]
[www.influex.com/wp-content/uploads/2023/04/Ari-Meisel-Less-Doing-logo.svg]
[www.influex.com/wp-content/uploads/2023/04/Ari-Meisel-logo.svg]
[www.influex.com/wp-content/uploads/2023/04/Asset-1@2x-2.svg]
[www.influex.com/wp-content/uploads/2023/04/Asset-1@2x-3.svg]
[www.influex.com/wp-content/uploads/2023/04/Asset-1@2x-4.svg]
[www.influex.com/wp-content/uploads/2023/04/Asset-1@2x-5.svg]
[www.influex.com/wp-content/uploads/2023/04/Bliss-Champions-logo-2.svg]
[www.influex.com/wp-content/uploads/2023/04/Clip-path-group.svg]
[www.influex.com/wp-content/uploads/2023/04/Chris-Daigle.svg]
[www.influex.com/wp-content/uploads/2023/04/Cosmic-Journal-logo-1.svg]
[www.influex.com/wp-content/uploads/2023/04/Group-112.svg]
[www.influex.com/wp-content/uploads/2023/04/Group-216.svg]
[www.influex.com/wp-content/uploads/2023/04/Group-797.svg]
[www.influex.com/wp-content/uploads/2023/04/Group-1988.svg]
[www.influex.com/wp-content/uploads/2023/04/Group-16705.svg]
[www.influex.com/wp-content/uploads/2023/04/Group-16720.svg]
[www.influex.com/wp-content/uploads/2023/04/Group-29557.svg]
[www.influex.com/wp-content/uploads/2023/04/Group-29641.svg]
[www.influex.com/wp-content/uploads/2023/04/Group-29643.svg]
[www.influex.com/wp-content/uploads/2023/04/Group-29655.svg]
[www.influex.com/wp-content/uploads/2023/04/Group-30070.svg]
[www.influex.com/wp-content/uploads/2023/04/Group-30118.svg]
[www.influex.com/wp-content/uploads/2023/04/Group-30144.svg]
[www.influex.com/wp-content/uploads/2023/04/Group-30145.svg]
[www.influex.com/wp-content/uploads/2023/04/Group-30146.svg]
[www.influex.com/wp-content/uploads/2023/04/Group-30151.svg]
[www.influex.com/wp-content/uploads/2023/04/Group.svg]
[www.influex.com/wp-content/uploads/2023/04/image-44.svg]
[www.influex.com/wp-content/uploads/2023/04/image-116.svg]
[www.influex.com/wp-content/uploads/2023/04/image-118.svg]
[www.influex.com/wp-content/uploads/2023/04/image-120.svg]
[www.influex.com/wp-content/uploads/2023/04/image-121.svg]
[www.influex.com/wp-content/uploads/2023/04/INVST_LOGO.svg]
[www.influex.com/wp-content/uploads/2023/04/Kirsten-Butler-logo.svg]
[www.influex.com/wp-content/uploads/2023/04/Layer-1.svg]
[www.influex.com/wp-content/uploads/2023/04/Logo-1.svg]
[www.influex.com/wp-content/uploads/2023/04/wealth-dynamics.png]
[www.influex.com/wp-content/uploads/2023/04/Clip-path-group-1.svg]
[www.influex.com/wp-content/uploads/2023/04/Dan-Holguin-logo-1.svg]
[www.influex.com/wp-content/uploads/2023/04/david-logo-1.svg]
[www.influex.com/wp-content/uploads/2023/04/Dr-Matt-Kreinheder-logo-1.svg]
[www.influex.com/wp-content/uploads/2023/04/Group-231.svg]
[www.influex.com/wp-content/uploads/2023/04/Group-695.svg]
[www.influex.com/wp-content/uploads/2023/04/Group-1987.svg]
[www.influex.com/wp-content/uploads/2023/04/David-Schwind-logo-1.svg]
[www.influex.com/wp-content/uploads/2023/04/Group-1989.svg]
[www.influex.com/wp-content/uploads/2023/04/Group-2033.svg]
[www.influex.com/wp-content/uploads/2023/04/Group-16713.svg]
[www.influex.com/wp-content/uploads/2023/04/Group-2602.svg]
[www.influex.com/wp-content/uploads/2023/04/Group-16730.svg]
[www.influex.com/wp-content/uploads/2023/04/Group-16734.svg]
[www.influex.com/wp-content/uploads/2023/04/Group-18889.svg]
[www.influex.com/wp-content/uploads/2023/04/Group-29371.svg]
[www.influex.com/wp-content/uploads/2023/04/Group-29526.svg]
[www.influex.com/wp-content/uploads/2023/04/Group-30157.svg]
[www.influex.com/wp-content/uploads/2023/04/Group-30165.svg]
[www.influex.com/wp-content/uploads/2023/04/Group-30169.svg]
[www.influex.com/wp-content/uploads/2023/04/Group-30184.svg]
[www.influex.com/wp-content/uploads/2023/04/Group-30186.svg]
[www.influex.com/wp-content/uploads/2023/04/Group-30192.svg]
[www.influex.com/wp-content/uploads/2023/04/Group-30205.svg]
[www.influex.com/wp-content/uploads/2023/04/Group-30208.svg]
[www.influex.com/wp-content/uploads/2023/04/Group-30211.svg]
[www.influex.com/wp-content/uploads/2023/04/Group-30216.svg]
[www.influex.com/wp-content/uploads/2023/04/Group-30218.svg]
[www.influex.com/wp-content/uploads/2023/04/Group-30239.svg]
[www.influex.com/wp-content/uploads/2023/04/Group-30278.svg]
[www.influex.com/wp-content/uploads/2023/04/Group-30285.svg]
[www.influex.com/wp-content/uploads/2023/04/Group-30292.svg]
[www.influex.com/wp-content/uploads/2023/04/Group-1.svg]
[www.influex.com/wp-content/uploads/2023/04/Group-1-1.svg]
[www.influex.com/wp-content/uploads/2023/04/Group-2.svg]
[www.influex.com/wp-content/uploads/2023/04/header-logo-2-1.svg]
[www.influex.com/wp-content/uploads/2023/04/Layer-2.svg]
[www.influex.com/wp-content/uploads/2023/04/Layer_1.svg]
[www.influex.com/wp-content/uploads/2023/04/logo-2.svg]
[www.influex.com/wp-content/uploads/2023/04/logo1-1.svg]
[www.influex.com/wp-content/uploads/2023/04/logo-1-1.svg]
[www.influex.com/wp-content/uploads/2023/04/logo-3.svg]
[www.influex.com/wp-content/uploads/2023/04/logo-4.svg]
[www.influex.com/wp-content/uploads/2023/04/logo-5.svg]
[www.influex.com/wp-content/uploads/2023/04/Logo-white.svg]
[www.influex.com/wp-content/uploads/2023/04/LS9BcACQg25II9Kt1NOS_Artboard_1_3-2.svg]
[www.influex.com/wp-content/uploads/2023/04/Path-6658.svg]
[www.influex.com/wp-content/uploads/2023/04/salvatore-logo-2.svg]
[www.influex.com/wp-content/uploads/2023/04/Vector-7.svg]
[www.influex.com/wp-content/uploads/2023/04/zander-2.svg]
[www.influex.com/wp-content/uploads/2023/04/Actualize_OS_logo.svg]
[www.influex.com/wp-content/uploads/2023/04/Asset-1@2x-6.svg]
[www.influex.com/wp-content/uploads/2023/04/b.svg]
[www.influex.com/wp-content/uploads/2023/04/b-1.svg]
[www.influex.com/wp-content/uploads/2023/04/Clip-path-group-2.svg]
[www.influex.com/wp-content/uploads/2023/01/htm-hexagon.png]
[www.influex.com/wp-content/uploads/2023/03/logo-htm.png]
[www.influex.com/wp-content/uploads/2023/03/square-jim-kwik.png]
[www.influex.com/wp-content/uploads/2023/03/logo-jim-kwik.png]
[www.influex.com/wp-content/uploads/2022/09/adoutreach-hexagon.png]
[www.influex.com/wp-content/uploads/2023/03/logo-adoutreach.png]
[www.influex.com/wp-content/uploads/2022/06/haelaw.png]
[www.influex.com/wp-content/uploads/2023/03/logo-hae-law.png]
[www.influex.com/wp-content/uploads/2024/04/jenna-phillips-ballard.png]
[www.influex.com/wp-content/uploads/2024/01/dave-hexagon-02.png]
[www.influex.com/wp-content/uploads/2021/04/michael-mogill.png]
[www.influex.com/wp-content/uploads/2023/03/vertical-matthew-hussey.png]
[www.influex.com/wp-content/uploads/2023/03/vertical-joe-polish.png]
[www.influex.com/wp-content/uploads/2023/03/vertical-lewis-howes.png]
[www.influex.com/wp-content/uploads/2023/03/vertical-rise-nation-mastermind.png]
[www.influex.com/wp-content/uploads/2023/03/square-shaun-t.png]
[www.influex.com/wp-content/uploads/2023/03/logo-shaun-t.png]
[www.influex.com/wp-content/uploads/2022/02/positive-kristen-2.png]
[www.influex.com/wp-content/uploads/2022/02/positive-kristen-logo.png]
[www.influex.com/wp-content/uploads/2023/03/square-roger-hamilton.png]
[www.influex.com/wp-content/uploads/2023/03/logo-roger-hamilton.png]
[www.influex.com/wp-content/uploads/2023/03/square-cameron-herold.png]
[www.influex.com/wp-content/uploads/2023/03/logo-cameron-herold.png]
[www.influex.com/wp-content/uploads/2023/12/ascension-leadership-acad-hex.png]
[www.influex.com/wp-content/uploads/2023/12/ascension-leadership-acad-logo.png]
[www.influex.com/wp-content/uploads/2023/05/power-of-positivity-hexagon-2.png]
[www.influex.com/wp-content/uploads/2023/03/elisabeth-dawson-hex.png]
[www.influex.com/wp-content/uploads/2023/03/new-portfolio-elisabeth-dawson-1-logo.svg]
[www.influex.com/wp-content/uploads/sb-instagram-feed-images/465813177_971340698145386_977866155218843925_nfull.webp]
[www.influex.com/wp-content/uploads/sb-instagram-feed-images/464266007_472679935788767_7185946544189160918_nfull.webp]
[www.influex.com/wp-content/uploads/sb-instagram-feed-images/462675472_553175587262920_3246838440030612735_nfull.webp]
[www.influex.com/wp-content/uploads/sb-instagram-feed-images/462437324_1798499180977431_7231107911173167363_nfull.webp]
[www.influex.com/wp-content/uploads/sb-instagram-feed-images/460211631_1213624436645475_6285966019193961140_nfull.webp]
[www.influex.com/wp-content/uploads/sb-instagram-feed-images/457866735_881082213356782_3160156263729625228_nfull.webp]
[www.influex.com/wp-content/uploads/sb-instagram-feed-images/457019768_1051337293666399_1071890905013965198_nfull.webp]
[www.influex.com/wp-content/uploads/sb-instagram-feed-images/455735092_2579478599107203_8600310506432208218_n.heicfull.webp]
[www.influex.com/wp-content/uploads/sb-instagram-feed-images/455805671_901020815170964_4077061227743085825_nfull.webp]
[www.influex.com/wp-content/uploads/sb-instagram-feed-images/455378613_492148913525960_567696766156217671_nfull.webp]
[www.influex.com/wp-content/uploads/sb-instagram-feed-images/454669648_874360384752978_6113803411565180015_nfull.webp]
[www.influex.com/wp-content/uploads/sb-instagram-feed-images/449805608_1243953937039347_7514991188625681183_nfull.webp]
[www.influex.com/wp-content/uploads/sb-instagram-feed-images/453908208_539360018529079_3156559196246171232_nfull.jpg]
[www.influex.com/wp-content/uploads/sb-instagram-feed-images/453473355_1134792804276850_1942174373655868658_nfull.jpg]
[www.influex.com/wp-content/uploads/sb-instagram-feed-images/453002483_1710880969649456_1875378268400542764_nfull.jpg]
[www.influex.com/wp-content/uploads/sb-instagram-feed-images/452110053_1542458879676427_6493453952927364330_nfull.jpg]
[www.influex.com/wp-content/uploads/sb-instagram-feed-images/451386683_7970837773003256_7117745986261790468_nfull.jpg]
[www.influex.com/wp-content/uploads/sb-instagram-feed-images/450626774_1145717643363291_8898981581316411004_nfull.jpg]
[www.influex.com/wp-content/uploads/sb-instagram-feed-images/449759565_1002959847974537_3368380049522710407_nfull.jpg]
[www.influex.com/wp-content/uploads/sb-instagram-feed-images/449612632_492758290076434_2398727214218386224_nfull.jpg]
[www.influex.com/wp-content/uploads/2023/03/C-logo.svg]
[www.influex.com/wp-content/uploads/2023/03/i.svg]
[www.influex.com/wp-content/uploads/2023/03/footer-icon-02.svg]
[www.influex.com/wp-content/uploads/2023/03/naked-truth.svg]
[www.influex.com/wp-content/uploads/2023/03/footer-icon-03.svg]
[www.influex.com/wp-content/uploads/2023/03/forward-flow.svg]
[www.influex.com/wp-content/uploads/2023/03/footer-icon-04.svg]
[www.influex.com/wp-content/uploads/2023/03/love-more.svg]
[www.influex.com/wp-content/uploads/2023/03/upward-spiral-1.svg]
[www.influex.com/wp-content/uploads/2023/03/forword.svg]
[www.influex.com/wp-content/uploads/2023/03/footer-icon-06.svg]
[www.influex.com/wp-content/uploads/2023/03/express-your-essence.svg]
[www.influex.com/wp-content/uploads/2023/03/footer-icon-07.svg]
[www.influex.com/wp-content/uploads/2023/03/footer-img.png]
[www.influex.com/wp-content/uploads/2023/03/go-top.svg]
[www.influex.com/terms-of-use/index.html]
[cdn.jsdelivr.net/npm/simplebar@latest/dist/simplebar.min.js]
[cdnjs.cloudflare.com/ajax/libs/flickity/3.0.0/flickity.pkgd.min.js]
[cdnjs.cloudflare.com/ajax/libs/slick-carousel/1.8.1/slick.min.js]
[www.influex.com/privacy-policy/index.html]
[cdnjs.cloudflare.com/ajax/libs/magnific-popup.js/1.1.0/jquery.magnific-popup.min.js]
[www.influex.com/wp-content/uploads/2024/03/stored-securely.png]
[www.influex.com/wp-content/uploads/2024/03/slowdown.png]
[www.influex.com/wp-content/uploads/2024/03/fail-proof.png]
[www.influex.com/wp-content/uploads/2024/03/90-days.png]
[www.influex.com/wp-content/uploads/2024/03/immediate-recovery.png]
[www.influex.com/wp-content/uploads/2024/03/maintenance-dashboard.png]
[www.influex.com/wp-content/uploads/2024/03/automatic-scans.png]
[www.influex.com/wp-content/uploads/2024/03/malware-detection.png]
[www.influex.com/wp-content/uploads/2024/03/malware-cleanup.png]
[www.influex.com/wp-content/uploads/2024/03/powerful-firewall.png]
[www.influex.com/wp-content/uploads/2024/03/attack-prevention.png]
[www.influex.com/wp-content/uploads/2024/03/wordpress-hardening.png]
[www.influex.com/wp-content/uploads/2024/03/divider-line.png]
[www.influex.com/wp-content/uploads/2024/03/break-free-updates-1.svg]
[www.influex.com/wp-content/uploads/2024/03/plugins-to-update.svg]
[www.influex.com/wp-content/uploads/elementor/css/post-1041992cf.css]
[www.influex.com/wp-content/plugins/elementor/assets/css/widget-icon-list.min18be.css]
[www.influex.com/wp-content/plugins/elementor-pro/assets/css/modules/motion-fx.min401f.css]
[www.influex.com/wp-content/plugins/metronet-profile-picture/js/mpp-frontend6fca.js]
[www.influex.com/wp-content/plugins/activecampaign-subscription-forms/site_tracking9704.js]
[cdnjs.cloudflare.com/ajax/libs/magnific-popup.js/1.0.0/jquery.magnific-popup.min.js]
[www.influex.com/wp-content/plugins/influex-video-popup/assets/js/script3ba1.js]
[www.influex.com/wp-includes/js/hoverIntent.min3e5a.js]
[www.influex.com/wp-content/themes/genesis/lib/js/menu/superfish.mina71a.js]
[www.influex.com/wp-content/themes/genesis/lib/js/menu/superfish.args.min3b71.js]
[www.influex.com/wp-content/themes/genesis/lib/js/skip-links.min3b71.js]
[www.influex.com/wp-content/themes/genesis-child/js/responsive-menus.minb6db.js]
[www.influex.com/wp-content/plugins/elementor-pro/assets/lib/smartmenus/jquery.smartmenus.min1576.js]
[www.influex.com/wp-content/plugins/instagram-feed/js/sbi-scripts.minb6a4.js]
[www.influex.com/wp-content/plugins/elementor-pro/assets/js/webpack-pro.runtime.min401f.js]
[www.influex.com/wp-content/plugins/elementor/assets/js/webpack.runtime.min18be.js]
[www.influex.com/wp-content/plugins/elementor/assets/js/frontend-modules.min18be.js]
[www.influex.com/wp-includes/js/dist/hooks.min4fdd.js]
[www.influex.com/wp-includes/js/dist/i18n.minc33c.js]
[www.influex.com/wp-content/plugins/elementor-pro/assets/js/frontend.min401f.js]
[www.influex.com/wp-includes/js/jquery/ui/core.minb37e.js]
[www.influex.com/wp-content/plugins/elementor/assets/js/frontend.min18be.js]
[www.influex.com/index.html]
[www.influex.com/wp-content/plugins/elementor-pro/assets/js/elements-handlers.min401f.js]
[www.influex.com/wp-content/plugins/instagram-feed/img/sbi-sprite.png]
[www.influex.com/wp-content/plugins/instagram-feed/css/sbi-styles.minb6a4.css]
[cdnjs.cloudflare.com/ajax/libs/intl-tel-input/17.0.8/css/intlTelInput.min9704.css]
[www.influex.com/wp-content/plugins/activecampaign-subscription-forms/activecampaign-form-block/build/style-indexebbc.css]
[www.influex.com/wp-content/plugins/metronet-profile-picture/dist/blocks.style.build6fca.css]
[www.influex.com/wp-content/plugins/automatic-upload-images/public/css/automatic-upload-images-public8a54.css]
[cdnjs.cloudflare.com/ajax/libs/magnific-popup.js/1.0.0/magnific-popup.min.css]
[www.influex.com/wp-content/plugins/influex-video-popup/assets/css/styles3ba1.css]
[www.influex.com/wp-includes/fonts/dashicons7d4b.ttf]
[cdnjs.cloudflare.com/ajax/libs/intl-tel-input/17.0.8/img/flags.png]
[www.influex.com/wp-includes/css/dashicons.min9704.css]
[www.influex.com/wp-includes/fonts/dashicons7d4b.eot]
[www.influex.com/wp-content/uploads/2022/03/AvenirLTStd-Roman.eot]
[www.influex.com/wp-content/uploads/2022/03/AvenirLTStd-Romand41d.eot]
[cdnjs.cloudflare.com/ajax/libs/intl-tel-input/17.0.8/img/flags@2x.png]
[www.influex.com/wp-content/uploads/2022/03/AvenirLTStd-Roman.woff2]
[www.influex.com/wp-content/uploads/2022/03/AvenirLTStd-Roman.woff]
[www.influex.com/wp-content/uploads/2022/03/AvenirLTStd-Roman.ttf]
[www.influex.com/wp-content/uploads/2022/03/AvenirLTStd-Roman.svg]
[www.influex.com/wp-content/uploads/2022/03/Avenir-Medium.eot]
[www.influex.com/wp-content/uploads/2022/03/Avenir-Medium.woff2]
[www.influex.com/wp-content/uploads/2022/03/Avenir-Medium.woff]
[www.influex.com/wp-content/uploads/2022/03/Avenir-Mediumd41d.eot]
[www.influex.com/wp-content/uploads/2022/03/Avenir-Medium.ttf]
[www.influex.com/wp-content/uploads/2022/03/Avenir-Medium.svg]
[www.influex.com/wp-content/uploads/2022/03/Avenir-Black.eot]
[www.influex.com/wp-content/uploads/2022/03/Avenir-Blackd41d.eot]
[www.influex.com/wp-content/uploads/2022/03/Avenir-Black.woff2]
[www.influex.com/wp-content/uploads/2022/03/Avenir-Black.woff]
[www.influex.com/wp-content/uploads/2022/03/Avenir-Black.ttf]
[www.influex.com/wp-content/uploads/2022/03/Avenir-Black.svg]
[www.influex.com/wp-content/uploads/2023/02/RMConnectRegular.eot]
[www.influex.com/wp-content/uploads/2023/02/RMConnectRegulard41d.eot]
[www.influex.com/wp-content/uploads/2023/02/RMConnectRegular.woff2]
[www.influex.com/wp-content/uploads/2023/02/RMConnectRegular.woff]
[www.influex.com/wp-content/uploads/2023/02/RMConnectRegular.ttf]
[www.influex.com/wp-content/uploads/2023/06/Gilroy-ExtraBoldd41d.eot]
[www.influex.com/wp-content/uploads/2023/06/Gilroy-ExtraBold.eot]
[www.influex.com/wp-content/uploads/2023/06/Gilroy-ExtraBold.woff2]
[www.influex.com/wp-content/uploads/2023/06/Gilroy-ExtraBold.woff]
[www.influex.com/wp-content/uploads/2023/06/Gilroy-ExtraBold.ttf]
[www.influex.com/wp-content/uploads/2023/06/Gilroy-Medium.eot]
[www.influex.com/wp-content/uploads/2023/06/Gilroy-Mediumd41d.eot]
[www.influex.com/wp-content/uploads/2023/06/Gilroy-Medium.woff2]
[www.influex.com/wp-content/uploads/2023/06/Gilroy-Medium.woff]
[www.influex.com/wp-content/uploads/2023/06/Gilroy-Medium.ttf]
[www.influex.com/wp-content/uploads/2023/06/Gilroy-Regulard41d.eot]
[www.influex.com/wp-content/uploads/2023/06/Gilroy-Regular.eot]
[www.influex.com/wp-content/uploads/2023/06/Gilroy-Regular.woff2]
[www.influex.com/wp-content/uploads/2023/06/Gilroy-Regular.woff]
[www.influex.com/wp-content/uploads/2023/06/Gilroy-Regular.ttf]
[www.influex.com/wp-content/uploads/2023/06/Gilroy-Light.eot]
[www.influex.com/wp-content/uploads/2023/06/Gilroy-Lightd41d.eot]
[www.influex.com/wp-content/uploads/2023/06/Gilroy-Light.woff2]
[www.influex.com/wp-content/uploads/2023/06/Gilroy-Light.woff]
[www.influex.com/wp-content/uploads/2023/06/Gilroy-Light.ttf]
[www.influex.com/wp-content/uploads/2024/01/CindoyScript.eot]
[www.influex.com/wp-content/uploads/2024/01/CindoyScriptd41d.eot]
[www.influex.com/wp-content/uploads/2024/01/CindoyScript.woff2]
[www.influex.com/wp-content/uploads/2024/01/CindoyScript.woff]
[www.influex.com/wp-content/uploads/2024/01/CindoyScript.ttf]
[www.influex.com/wp-content/uploads/2024/03/SFProDisplay-Bold.woff2]
[www.influex.com/wp-content/uploads/2024/03/SFProDisplay-Boldd41d.eot]
[www.influex.com/wp-content/uploads/2024/03/SFProDisplay-Bold.woff]
[www.influex.com/wp-content/uploads/2024/03/SFProDisplay-Bold.ttf]
[www.influex.com/wp-content/uploads/2024/03/SFProDisplay-Bold.eot]
[www.influex.com/wp-content/uploads/2024/03/SFProDisplay-Medium.eot]
[www.influex.com/wp-content/uploads/2024/03/SFProDisplay-Mediumd41d.eot]
[www.influex.com/wp-content/uploads/2024/03/SFProDisplay-Medium.woff2]
[www.influex.com/wp-content/uploads/2024/03/SFProDisplay-Medium.woff]
[www.influex.com/wp-content/uploads/2024/03/SFProDisplay-Medium.ttf]
[www.influex.com/wp-content/uploads/2024/03/SFProDisplay-Regular.eot]
[www.influex.com/wp-content/uploads/2024/03/SFProDisplay-Regular.woff2]
[www.influex.com/wp-content/uploads/2024/03/SFProDisplay-Regulard41d.eot]
[www.influex.com/wp-content/uploads/2024/03/SFProDisplay-Regular.woff]
[www.influex.com/wp-content/uploads/2024/03/SFProDisplay-Regular.ttf]
[www.influex.com/wp-content/uploads/2023/03/button-normal-state-01.png]
[www.influex.com/wp-content/uploads/2023/03/view-website-btn-active.svg]
[www.influex.com/wp-content/uploads/2023/03/polygon-border.png]
[www.influex.com/wp-content/uploads/2023/03/square-border.svg]
[www.influex.com/wp-content/themes/genesis-child/customb6db.css]
[www.influex.com/wp-content/plugins/elementor/assets/css/frontend.min18be.css]
[www.influex.com/wp-content/plugins/elementor/assets/css/widget-heading.min18be.css]
[www.influex.com/wp-content/plugins/elementor/assets/css/widget-text-editor.min18be.css]
[www.influex.com/wp-content/plugins/elementor/assets/css/widget-image-box.min18be.css]
[www.influex.com/wp-content/plugins/elementor/assets/css/widget-image.min18be.css]
[www.influex.com/wp-content/plugins/elementor/assets/css/widget-icon-box.min18be.css]
[www.influex.com/wp-content/plugins/elementor-pro/assets/css/widget-nav-menu.min401f.css]
[www.influex.com/wp-content/plugins/elementor/assets/lib/animations/styles/e-animation-grow.min18be.css]
[www.influex.com/wp-content/plugins/elementor/assets/css/widget-social-icons.min18be.css]
[www.influex.com/wp-content/plugins/elementor/assets/css/conditionals/apple-webkit.min18be.css]
[www.influex.com/wp-content/plugins/elementor-pro/assets/css/widget-animated-headline.min401f.css]
[www.influex.com/wp-content/uploads/2023/03/filter-btn-active.svg]
[www.influex.com/wp-content/plugins/elementor/assets/lib/eicons/fonts/eiconsbe76.woff2]
[www.influex.com/wp-content/plugins/elementor/assets/lib/eicons/fonts/eiconsbe76.woff]
[www.influex.com/wp-content/plugins/elementor/assets/lib/eicons/fonts/eiconsbe76.ttf]
[www.influex.com/wp-content/plugins/elementor/assets/lib/eicons/fonts/eiconsbe76.eot]
[www.influex.com/wp-content/plugins/elementor/assets/lib/eicons/css/elementor-icons.min444a.css]
[www.influex.com/wp-content/plugins/elementor/assets/lib/swiper/v8/css/swiper.min94a4.css]
[www.influex.com/wp-content/plugins/elementor/assets/css/conditionals/e-swiper.min18be.css]
[www.influex.com/wp-content/uploads/elementor/css/post-9c646.css]
[www.influex.com/wp-content/plugins/elementor-pro/assets/css/conditionals/popup.min401f.css]
[www.influex.com/wp-content/plugins/image-hover-effects-addon-for-elementor/assets/style.minc2d0.css]
[www.influex.com/wp-content/plugins/ultimate-elementor/assets/min-css/uael-frontend.min871e.css]
[www.influex.com/wp-content/plugins/elementor/assets/css/widget-social-icons.min2401.css]
[www.influex.com/wp-content/plugins/elementor/assets/lib/eicons/fonts/eiconsbe76.svg]
[www.influex.com/wp-content/plugins/elementor/assets/lib/font-awesome/webfonts/fa-brands-400.woff2]
[www.influex.com/wp-content/plugins/elementor/assets/lib/font-awesome/webfonts/fa-brands-400d41d.eot]
[www.influex.com/wp-content/plugins/elementor/assets/lib/font-awesome/webfonts/fa-brands-400.eot]
[www.influex.com/wp-content/plugins/elementor/assets/lib/font-awesome/webfonts/fa-brands-400.woff]
[www.influex.com/wp-content/plugins/elementor/assets/lib/font-awesome/webfonts/fa-brands-400.ttf]
[www.influex.com/wp-content/plugins/elementor/assets/lib/font-awesome/css/brands52d5.css]
[www.influex.com/wp-content/plugins/elementor/assets/lib/font-awesome/css/fontawesome52d5.css]
[www.influex.com/wp-content/plugins/elementor/assets/lib/font-awesome/webfonts/fa-brands-400.svg]
[www.influex.com/wp-content/plugins/elementor/assets/lib/font-awesome/webfonts/fa-solid-900.eot]
[www.influex.com/wp-content/plugins/elementor/assets/lib/font-awesome/webfonts/fa-solid-900.woff2]
[www.influex.com/wp-content/plugins/elementor/assets/lib/font-awesome/webfonts/fa-solid-900d41d.eot]
[www.influex.com/wp-content/plugins/elementor/assets/lib/font-awesome/webfonts/fa-solid-900.woff]
[www.influex.com/wp-content/plugins/elementor/assets/lib/font-awesome/webfonts/fa-solid-900.ttf]
[www.influex.com/wp-content/plugins/elementor/assets/lib/font-awesome/css/solid52d5.css]
[www.influex.com/wp-content/plugins/elementor/assets/lib/font-awesome/webfonts/fa-regular-400.eot]
[www.influex.com/wp-content/plugins/elementor/assets/lib/font-awesome/webfonts/fa-solid-900.svg]
[www.influex.com/wp-content/plugins/elementor/assets/lib/font-awesome/webfonts/fa-regular-400d41d.eot]
[www.influex.com/wp-content/plugins/elementor/assets/lib/font-awesome/webfonts/fa-regular-400.woff2]
[www.influex.com/wp-content/plugins/elementor/assets/lib/font-awesome/webfonts/fa-regular-400.woff]
[www.influex.com/wp-content/plugins/elementor/assets/lib/font-awesome/webfonts/fa-regular-400.ttf]
[www.influex.com/wp-content/plugins/elementor/assets/lib/font-awesome/css/all.min18be.css]
[www.influex.com/wp-content/plugins/elementor/assets/lib/font-awesome/css/v4-shims.min18be.css]
[www.influex.com/wp-content/plugins/elementor/assets/css/widget-spacer.min18be.css]
[www.influex.com/wp-content/plugins/elementor/assets/lib/font-awesome/webfonts/fa-regular-400.svg]
[www.influex.com/wp-content/uploads/2023/05/influex-home-bg-scroll.jpg]
[www.influex.com/wp-content/uploads/2023/03/site-name.png]
[www.influex.com/wp-content/uploads/2023/04/polygon-hover.png]
[www.influex.com/wp-content/uploads/elementor/css/post-10256c646.css]
[www.influex.com/wp-content/uploads/2024/02/maintenance-btn-bg.png]
[www.influex.com/wp-content/uploads/elementor/css/post-11890c646.css]
[www.influex.com/wp-content/uploads/elementor/css/post-11876c646.css]
[www.influex.com/wp-content/uploads/elementor/css/post-11858c646.css]
[www.influex.com/wp-content/uploads/2023/03/gradient-btn-bg.png]
[www.influex.com/wp-content/uploads/elementor/css/post-10228c646.css]
[www.influex.com/wp-content/uploads/2023/03/influex-footer-bg-1.jpg]
[www.influex.com/wp-content/uploads/2023/03/footer-button-bg.png]
[www.influex.com/wp-content/uploads/elementor/css/post-10255c27d.css]
[www.influex.com/wp-content/plugins/elementor/assets/lib/font-awesome/css/fontawesome.min52d5.css]
[www.influex.com/wp-content/plugins/elementor/assets/lib/font-awesome/css/solid.min52d5.css]
[www.influex.com/xmlrpc.php]
[cdnjs.cloudflare.com/ajax/libs/flickity/3.0.0/flickity.min.css]
[cdn.jsdelivr.net/npm/simplebar@latest/dist/simplebar.css]
[cdnjs.cloudflare.com/ajax/libs/slick-carousel/1.8.1/slick.min.css]
[cdnjs.cloudflare.com/ajax/libs/slick-carousel/1.8.1/ajax-loader.gif]
[cdnjs.cloudflare.com/ajax/libs/slick-carousel/1.8.1/fonts/slick.eot]
[cdnjs.cloudflare.com/ajax/libs/slick-carousel/1.8.1/fonts/slickd41d.eot]
[cdnjs.cloudflare.com/ajax/libs/slick-carousel/1.8.1/fonts/slick.woff]
[cdnjs.cloudflare.com/ajax/libs/slick-carousel/1.8.1/fonts/slick.ttf]
[cdnjs.cloudflare.com/ajax/libs/slick-carousel/1.8.1/slick-theme.min.css]
[cdnjs.cloudflare.com/ajax/libs/slick-carousel/1.8.1/fonts/slick.svg]
[www.googletagmanager.com/gtm5445.html]
[cdn.jsdelivr.net/npm/cookieconsent@3/build/cookieconsent.min.css]
[www.influex.com/wp-content/uploads/2023/03/influex-logo.svg]
[www.influex.com/wp-content/plugins/elementor/assets/css/widget-divider.min18be.css]
[www.influex.com/wp-content/plugins/elementor/assets/css/widget-testimonial.min18be.css]
[www.influex.com/wp-content/plugins/elementor/assets/css/widget-image-carousel.min18be.css]
[www.influex.com/wp-content/uploads/elementor/css/post-123250d8a.css]
[www.influex.com/wp-content/themes/genesis-child/js/custom-script4f21.js]
[www.influex.com/wp-json/wp/v2/pages/12325.json]
[www.influex.com/wp-json/oembed/1.0/embed0365.json]
[www.influex.com/wp-json/oembed/1.0/embedb81d]
[www.influex.com/wp-content/uploads/2024/10/logo-influex-1.svg]
[www.influex.com/wp-content/uploads/2024/10/about-logo.png]
[www.influex.com/wp-content/uploads/2024/10/about-logo-02.png]
[www.influex.com/wp-content/uploads/2024/10/about-section-01-img-01.png]
[www.influex.com/wp-content/uploads/2024/10/about-section-01-img-02.png]
[www.influex.com/wp-content/uploads/2024/10/about-section-01-img-03.png]
[www.influex.com/wp-content/uploads/2024/10/core-culture.png]
[www.influex.com/wp-content/uploads/2024/10/n-letter.svg]
[www.influex.com/wp-content/uploads/2024/10/naked-truth.png]
[www.influex.com/wp-content/uploads/2024/10/forward-flow.png]
[www.influex.com/wp-content/uploads/2024/10/love-more.png]
[www.influex.com/wp-content/uploads/2024/10/express.png]
[www.influex.com/wp-content/uploads/2024/10/about-section-04-img-01.jpg]
[www.influex.com/wp-content/uploads/2024/10/about-section-04-img-02.jpg]
[www.influex.com/wp-content/uploads/2024/10/about-section-04-img-03.jpg]
[www.influex.com/wp-content/uploads/2024/10/about-section-04-img-04.jpg]
[www.influex.com/wp-content/uploads/2024/10/about-section-04-img-05.jpg]
[www.influex.com/wp-content/uploads/2024/10/entrepreneur.png]
[www.influex.com/who-we-are/index.html]
[www.influex.com/wp-content/uploads/elementor/css/post-10755e57c.css]
[www.influex.com/wp-content/themes/genesis-child/js/custom-scriptb921.js]
[www.influex.com/wp-json/wp/v2/pages/10755.json]
[www.influex.com/wp-json/oembed/1.0/embed29be.json]
[www.influex.com/wp-json/oembed/1.0/embed7247]
[cdn.jsdelivr.net/npm/swiper@9/swiper-bundle.min.css]
[www.influex.com/wp-content/uploads/2024/10/B-Long-Ventures-Logo.png]
[www.influex.com/wp-content/uploads/2024/09/amphibian-hexa.png]
[www.influex.com/wp-content/uploads/2024/08/Elia-hexagon.png]
[www.influex.com/wp-content/uploads/2024/08/mn-hexa-img.png]
[www.influex.com/wp-content/uploads/2024/08/frequency-hexa.png]
[www.influex.com/wp-content/uploads/2024/07/raid-real-ai-dynamics.png]
[www.influex.com/wp-content/uploads/2024/07/bps-hexagon-img.png]
[www.influex.com/wp-content/uploads/2024/06/douglas-hexagon.png]
[www.influex.com/wp-content/uploads/2024/04/wio-logo.png]
[www.influex.com/wp-content/uploads/2024/03/Dorine-rivers-logo.png]
[www.influex.com/wp-content/uploads/2024/02/savant-ai.png]
[www.influex.com/wp-content/uploads/2024/01/shaan-rais.png]
[www.influex.com/wp-content/uploads/2024/01/leadership-leaverage.png]
[www.influex.com/wp-content/uploads/2024/01/branded-like-leader.png]
[www.influex.com/wp-content/uploads/2024/01/shaan-rais-shop.png]
[www.influex.com/wp-content/uploads/2024/01/biohacking-conference.png]
[www.influex.com/wp-content/uploads/2023/12/hexa-ala.png]
[www.influex.com/wp-content/uploads/2023/10/rosebell-hexa.png]
[www.influex.com/wp-content/uploads/2023/10/Christian-simpson-hex.png]
[www.influex.com/wp-content/uploads/2023/10/health-center-hexa.png]
[www.influex.com/wp-content/uploads/2023/10/blueprint-hexagon.png]
[www.influex.com/wp-content/uploads/2023/10/champion-leads-hexagon-img.png]
[www.influex.com/wp-content/uploads/2023/09/alreen-hexagon-img.png]
[www.influex.com/wp-content/uploads/2023/08/Franksong-hex.png]
[www.influex.com/wp-content/uploads/2023/07/brian-hexagon.png]
[www.influex.com/wp-content/uploads/2023/07/dr.mahsa-hex-img.png]
[www.influex.com/wp-content/uploads/2023/07/Daniel-stark-hex.png]
[www.influex.com/wp-content/uploads/2023/07/jbattle-hex2.png]
[www.influex.com/wp-content/uploads/2023/06/invst-hexagon-01.png]
[www.influex.com/wp-content/uploads/2023/06/rjon-hexagon.png]
[www.influex.com/wp-content/uploads/2023/06/MikeDillard-hexagon.png]
[www.influex.com/wp-content/uploads/2023/05/scott-danner-hexagon.png]
[www.influex.com/wp-content/uploads/2023/05/fintitan-hexagon.png]
[www.influex.com/wp-content/uploads/2023/05/john-paul-souza-hexagon.png]
[www.influex.com/wp-content/uploads/2023/05/warforyou-hexagon.png]
[www.influex.com/wp-content/uploads/2023/05/Anne-arvizu.png]
[www.influex.com/wp-content/uploads/2023/05/zaneslaw-img.png]
[www.influex.com/wp-content/uploads/2023/05/champion-hexagon-1.png]
[www.influex.com/wp-content/uploads/2023/05/robertmay-hexagon.png]
[www.influex.com/wp-content/uploads/2023/04/zenith.png]
[www.influex.com/wp-content/uploads/2023/04/mathieu-jang.png]
[www.influex.com/wp-content/uploads/2023/04/dr-pompa.png]
[www.influex.com/wp-content/uploads/2023/04/aleric-heck-hexagon.png]
[www.influex.com/wp-content/uploads/2023/03/pompa-program-store.png]
[www.influex.com/wp-content/uploads/2023/03/elisabeth2.png]
[www.influex.com/wp-content/uploads/2023/03/elisabeth-copia2.png]
[www.influex.com/wp-content/uploads/2023/03/elisabeth-dawson.png]
[www.influex.com/wp-content/uploads/2023/03/dave-allred.png]
[www.influex.com/wp-content/uploads/2023/03/bwk.png]
[www.influex.com/wp-content/uploads/2023/02/luis-scott.png]
[www.influex.com/wp-content/uploads/2023/02/stay-strong.png]
[www.influex.com/wp-content/uploads/2023/02/ertc.png]
[www.influex.com/wp-content/uploads/2023/02/ann-shippy.png]
[www.influex.com/wp-content/uploads/2023/01/top-dog-law.png]
[www.influex.com/wp-content/uploads/2023/01/htm.png]
[www.influex.com/wp-content/uploads/2023/01/venus-opal-hexagon.png]
[www.influex.com/wp-content/uploads/2023/01/cameron-hexagon.png]
[www.influex.com/wp-content/uploads/2022/12/sylvia-ferrero.png]
[www.influex.com/wp-content/uploads/2022/12/kathryn-janicek-1.png]
[www.influex.com/wp-content/uploads/2022/12/joe-polish2.png]
[www.influex.com/wp-content/uploads/2022/12/jim-kwik-1.png]
[www.influex.com/wp-content/uploads/2022/11/eric-ritter-white.png]
[www.influex.com/wp-content/uploads/2022/11/safe-smart-money.png]
[www.influex.com/wp-content/uploads/2022/10/shamina-1.png]
[www.influex.com/wp-content/uploads/2022/10/endometrial22.png]
[www.influex.com/wp-content/uploads/2022/09/hpc-high-performing-coach.png]
[www.influex.com/wp-content/uploads/2022/09/adoutreach.png]
[www.influex.com/wp-content/uploads/2022/09/clients-community.png]
[www.influex.com/wp-content/uploads/2022/08/altman.png]
[www.influex.com/wp-content/uploads/2022/08/chris-daigle.png]
[www.influex.com/wp-content/uploads/2022/08/pompa-program.png]
[www.influex.com/wp-content/uploads/2022/08/may-firm.png]
[www.influex.com/wp-content/uploads/2022/06/wags-capital.png]
[www.influex.com/wp-content/uploads/2022/06/haeggquist.png]
[www.influex.com/wp-content/uploads/2022/06/aaron-wagner.png]
[www.influex.com/wp-content/uploads/2022/05/man-talks.png]
[www.influex.com/wp-content/uploads/2022/05/sloane.png]
[www.influex.com/wp-content/uploads/2022/05/life-on-fire.png]
[www.influex.com/wp-content/uploads/2022/05/mnh-injury-lawyers.png]
[www.influex.com/wp-content/uploads/2022/05/jacon-zemer.png]
[www.influex.com/wp-content/uploads/2022/05/fm-flow-motion.png]
[www.influex.com/wp-content/uploads/2022/04/com-logic.png]
[www.influex.com/wp-content/uploads/2022/04/ihatecancer-1.png]
[www.influex.com/wp-content/uploads/2022/04/ttp-talk-to-people.png]
[www.influex.com/wp-content/uploads/2022/04/mike-precopio.png]
[www.influex.com/wp-content/uploads/2022/04/graves-golf-1.png]
[www.influex.com/wp-content/uploads/2022/03/richard-thalheimer.png]
[www.influex.com/wp-content/uploads/2022/03/shaun-t.png]
[www.influex.com/wp-content/uploads/2022/03/the-listings-lab.png]
[www.influex.com/wp-content/uploads/2022/03/rory-fatt.png]
[www.influex.com/wp-content/uploads/2022/02/secure-visa.png]
[www.influex.com/wp-content/uploads/2022/02/shunnarah.png]
[www.influex.com/wp-content/uploads/2023/03/positivekristen.png]
[www.influex.com/wp-content/uploads/2022/01/kjc-law-firm.png]
[www.influex.com/wp-content/uploads/2022/01/lou-corleto.png]
[www.influex.com/wp-content/uploads/2022/01/pimm-rankings.png]
[www.influex.com/wp-content/uploads/2022/01/chris-dreyer-1.png]
[www.influex.com/wp-content/uploads/2021/12/sabrish-chandrakanth.png]
[www.influex.com/wp-content/uploads/2021/12/sandeep.png]
[www.influex.com/wp-content/uploads/2021/12/kent-clothier-1.png]
[www.influex.com/wp-content/uploads/2021/11/nada-buhendi.png]
[www.influex.com/wp-content/uploads/2021/11/dev-gadhvi.png]
[www.influex.com/wp-content/uploads/2021/11/camp-maverick2.png]
[www.influex.com/wp-content/uploads/2021/11/conscious-copy-hexagon.png]
[www.influex.com/wp-content/uploads/2021/11/dj-mehow.png]
[www.influex.com/wp-content/uploads/2021/04/maverick-1000.png]
[www.influex.com/wp-content/uploads/2021/10/raj-jana.png]
[www.influex.com/wp-content/uploads/2021/10/get-the-guy-1.png]
[www.influex.com/wp-content/uploads/2021/10/genius-network.png]
[www.influex.com/wp-content/uploads/2021/10/lewis-howes-1.png]
[www.influex.com/wp-content/uploads/2021/09/ruari-stewart.png]
[www.influex.com/wp-content/uploads/2021/09/scott-danner.png]
[www.influex.com/wp-content/uploads/2021/09/abundance-amplifier.png]
[www.influex.com/wp-content/uploads/2021/09/the-image-of-health.png]
[www.influex.com/wp-content/uploads/2021/08/jon-benson-1.png]
[www.influex.com/wp-content/uploads/2021/08/the-good-life-institute.png]
[www.influex.com/wp-content/uploads/2021/08/jason-hennessey-1.png]
[www.influex.com/wp-content/uploads/2021/07/theory-of-enchantment.png]
[www.influex.com/wp-content/uploads/2021/07/secure-retirement.png]
[www.influex.com/wp-content/uploads/2021/07/dollar-fulfillment-1.png]
[www.influex.com/wp-content/uploads/2021/07/stiletto-spy-school.png]
[www.influex.com/wp-content/uploads/2021/07/salvatore-buscemi.png]
[www.influex.com/wp-content/uploads/2021/07/surgical-master.png]
[www.influex.com/wp-content/uploads/2021/07/nick-bare.png]
[www.influex.com/wp-content/uploads/2021/07/rutherford-group.png]
[www.influex.com/wp-content/uploads/2021/07/patch-baker-1.png]
[www.influex.com/wp-content/uploads/2021/04/sharon-melnick-hexagon.png]
[www.influex.com/wp-content/uploads/2021/04/adam-roa.png]
[www.influex.com/wp-content/uploads/2021/04/frank-kern-hexagon.png]
[www.influex.com/wp-content/uploads/2021/04/fit-father2.png]
[www.influex.com/wp-content/uploads/2021/04/charfen-1.png]
[www.influex.com/wp-content/uploads/2021/04/gallant-dill.png]
[www.influex.com/wp-content/uploads/2021/04/radical-performance-acceleration.png]
[www.influex.com/wp-content/uploads/2021/04/dew-wealth-management.png]
[www.influex.com/wp-content/uploads/2021/04/alex-bates.png]
[www.influex.com/wp-content/uploads/2021/04/pam-hendrickson.png]
[www.influex.com/wp-content/uploads/2021/04/phuong-uyen-tran.png]
[www.influex.com/wp-content/uploads/2021/04/jeff-walker.png]
[www.influex.com/wp-content/uploads/2021/04/eyes-wide-open.png]
[www.influex.com/wp-content/uploads/2021/04/scott-keffer.png]
[www.influex.com/wp-content/uploads/2021/04/alex-j-moscow.png]
[www.influex.com/wp-content/uploads/2021/04/roland-frasier.png]
[www.influex.com/wp-content/uploads/2021/04/jules-schroeder-hexagon.png]
[www.influex.com/wp-content/uploads/2021/04/mike-koenigs-2.png]
[www.influex.com/wp-content/uploads/2021/04/palarino-partners.png]
[www.influex.com/wp-content/uploads/2021/04/wiz-motions.png]
[www.influex.com/wp-content/uploads/2021/04/xpill.png]
[www.influex.com/wp-content/uploads/2021/04/Raj-jana-vision.png]
[www.influex.com/wp-content/uploads/2021/04/jon-benson-now-vsl.png]
[www.influex.com/wp-content/uploads/2021/04/tedx.png]
[www.influex.com/wp-content/uploads/2021/04/ari-meisel.png]
[www.influex.com/wp-content/uploads/2021/04/brand-op-formula.png]
[www.influex.com/wp-content/uploads/2021/04/horse-class.png]
[www.influex.com/wp-content/uploads/2021/04/conscious-copy-co.png]
[www.influex.com/wp-content/uploads/2021/04/the-dan-lok-show.png]
[www.influex.com/wp-content/uploads/2021/04/coyle-financial.png]
[www.influex.com/wp-content/uploads/2021/04/genius-recovery.png]
[www.influex.com/wp-content/uploads/2021/04/mark-lack.png]
[www.influex.com/wp-content/uploads/2021/04/martin-levy.png]
[www.influex.com/wp-content/uploads/2021/04/success-insider.png]
[www.influex.com/wp-content/uploads/2021/04/circling-institute.png]
[www.influex.com/wp-content/uploads/2021/04/christian-espinosa.png]
[www.influex.com/wp-content/uploads/2021/04/arman-assadi.png]
[www.influex.com/wp-content/uploads/2021/04/skrobonja-financial2.png]
[www.influex.com/wp-content/uploads/2021/04/lewis-howes.png]
[www.influex.com/wp-content/uploads/2021/04/shelby-mcdaniel.png]
[www.influex.com/wp-content/uploads/2021/04/elisha-covey.png]
[www.influex.com/wp-content/uploads/2021/04/wealth-creation-school.png]
[www.influex.com/wp-content/uploads/2021/04/shorten-the-gap.png]
[www.influex.com/wp-content/uploads/2021/04/build-banking.png]
[www.influex.com/wp-content/uploads/2021/04/rod-khleif.png]
[www.influex.com/wp-content/uploads/2021/04/brian-skrobonja.png]
[www.influex.com/wp-content/uploads/2021/04/steve-rodgers-1.png]
[www.influex.com/wp-content/uploads/2021/04/dr-elizabeth-lombardo.png]
[www.influex.com/wp-content/uploads/2021/04/roger-hamilton.png]
[www.influex.com/wp-content/uploads/2021/04/rise-nation-mastermind.png]
[www.influex.com/wp-content/uploads/2021/04/beau-crabill.png]
[www.influex.com/wp-content/uploads/2021/04/smile-train.png]
[www.influex.com/wp-content/uploads/2021/04/berenyi-coaching.png]
[www.influex.com/wp-content/uploads/2021/04/cosmic-journal.png]
[www.influex.com/wp-content/uploads/2021/04/screencapture-coefinancialservices-scaled-1-375x431.jpg]
[www.influex.com/wp-content/uploads/2021/04/dush-terra-1.png]
[www.influex.com/wp-content/uploads/2021/04/richard-thalheimer.png]
[www.influex.com/wp-content/uploads/2021/04/dj-mehow.png]
[www.influex.com/wp-content/uploads/2021/04/the-wholesale-formula1.png]
[www.influex.com/wp-content/uploads/2021/04/zander-fryer.png]
[www.influex.com/wp-content/uploads/2021/04/ryan-howsam.png]
[www.influex.com/wp-content/uploads/2021/04/bliss-champions.png]
[www.influex.com/wp-content/uploads/2021/04/mike-burnett-1.png]
[www.influex.com/wp-content/uploads/2021/04/cameron-img.png]
[www.influex.com/wp-content/uploads/2021/04/advance-your-reach.png]
[www.influex.com/wp-content/uploads/2021/04/genius-u-1.png]
[www.influex.com/wp-content/uploads/2021/04/beating-binge-eating-brittany-brown.png]
[www.influex.com/wp-content/uploads/2021/04/dwayne-clark2.png]
[www.influex.com/wp-content/uploads/2021/05/entrepreneur.png]
[www.influex.com/wp-content/uploads/2023/03/portfolio-quote.svg]
[cdnjs.cloudflare.com/ajax/libs/jquery.waitforimages/2.4.0/jquery.waitforimages.min.js]
[cdn.jsdelivr.net/npm/swiper@9/swiper-bundle.min.js]
[www.influex.com/wp-content/plugins/ajax-load-more-filters/dist/js/filters.min77e6.js]
[www.influex.com/portfolio/index.html]
[www.influex.com/wp-content/plugins/ajax-load-more/build/frontend/ajax-load-more.min55e2.js]
[www.influex.com/wp-content/uploads/elementor/css/post-9025b6a.css]
[www.influex.com/wp-json/wp/v2/pages/902.json]
[www.influex.com/wp-json/oembed/1.0/embedf307.json]
[www.influex.com/wp-json/oembed/1.0/embed9067]
[www.influex.com/wp-content/uploads/2021/09/clarity-call.png]
[www.influex.com/wp-content/uploads/2021/09/site-structure-image-1024x769.png]
[www.influex.com/wp-content/uploads/2021/09/brand-bible.png]
[www.influex.com/wp-content/uploads/2021/09/messagin-mastery-image.png]
[www.influex.com/wp-content/uploads/2021/09/origin-story-image.png]
[www.influex.com/wp-content/uploads/2021/09/professional-photography-image.jpg]
[www.influex.com/wp-content/uploads/2021/09/signature-style-image.png]
[www.influex.com/wp-content/uploads/2024/11/Brand-Tone-AOS-Only-Small-1024x673.jpg]
[www.influex.com/wp-content/uploads/2024/11/Brand-Tone-SMall-1024x673.jpg]
[www.influex.com/wp-content/uploads/2021/09/brand-blueprint-image.png]
[www.influex.com/wp-content/uploads/2021/07/process-section-12-image-767x1024.jpg]
[www.influex.com/wp-content/uploads/2021/07/process-section-12-image-02.png]
[www.influex.com/wp-content/uploads/2021/09/wp-drag-n-drop-1012x1024.png]
[www.influex.com/wp-content/uploads/2021/07/process-section-13-image-01-1024x683.png]
[www.influex.com/wp-content/uploads/2021/07/process-section-13-image-02.png]
[www.influex.com/wp-content/uploads/2021/07/process-section-13-image-03-1024x762.png]
[www.influex.com/process-2024/index.html]
[www.influex.com/wp-content/uploads/elementor/css/post-950079a6.css]
[www.influex.com/wp-content/themes/genesis-child/js/custom-scriptcc4f.js]
[www.influex.com/peace-of-mind/index.html]
[www.influex.com/wp-json/wp/v2/pages/9500.json]
[www.influex.com/wp-json/oembed/1.0/embed8e55.json]
[www.influex.com/wp-json/oembed/1.0/embedb52a]
[cdnjs.cloudflare.com/ajax/libs/magnific-popup.js/1.1.0/magnific-popup.min.css]
[www.influex.com/wp-content/uploads/2022/09/media-influex-title.svg]
[www.influex.com/wp-content/uploads/2022/09/poetry.jpg]
[www.influex.com/wp-content/uploads/2023/04/icon-play.png]
[www.influex.com/wp-content/uploads/2022/09/media-video-01.jpg]
[www.influex.com/wp-content/uploads/2022/09/media-video-02.jpg]
[www.influex.com/wp-content/uploads/2022/09/behind-img.jpg]
[www.influex.com/wp-content/uploads/2022/09/media-genius.svg]
[www.influex.com/wp-content/uploads/2022/09/media-conscious.svg]
[www.influex.com/wp-content/uploads/2022/09/media-war-room.svg]
[www.influex.com/wp-content/uploads/2022/09/media-lewis.svg]
[www.influex.com/wp-content/uploads/2022/09/shorten-the-gap.svg]
[www.influex.com/wp-content/uploads/2023/03/influex-icon.svg]
[www.influex.com/wp-content/uploads/2022/09/Daryl-Urbanski.png]
[www.influex.com/wp-content/uploads/2022/03/expressiffy-dan.jpg]
[www.influex.com/wp-content/uploads/2020/07/armanassadi-img.jpg]
[www.influex.com/wp-content/uploads/2021/08/Jules-Schroeder-1-229x300.jpg]
[www.influex.com/wp-content/uploads/2022/09/media-sec2-img2.jpg]
[www.influex.com/the-6-figure-earners-guide-to-branding-with-dmitriy-kozlov/index.html]
[www.influex.com/wp-content/uploads/2022/09/media-joe.jpg]
[www.influex.com/wp-content/uploads/2022/09/media-raj-jana.jpg]
[www.influex.com/wp-content/uploads/2022/09/media-entrepreneurs-awakening.jpg]
[www.influex.com/wp-content/uploads/2022/09/Forbes-bg.jpg]
[www.influex.com/wp-content/uploads/2023/04/logo-influex.svg]
[www.influex.com/wp-content/uploads/2022/09/forbes-logo-1.png]
[www.influex.com/wp-content/uploads/2022/09/entrep-bg.jpg]
[www.influex.com/wp-content/uploads/2022/09/entrepreneur-logo-1.png]
[www.influex.com/wp-content/uploads/2022/09/inc-500-bg.jpg]
[www.influex.com/wp-content/uploads/2022/09/inc-500-white.png]
[www.influex.com/wp-content/plugins/ultimate-elementor/assets/lib/isotope/isotope.min871e.js]
[www.influex.com/wp-includes/js/imagesloaded.minbb93.js]
[www.influex.com/wp-content/plugins/ultimate-elementor/assets/lib/slick/slick.min871e.js]
[www.influex.com/wp-content/plugins/ultimate-elementor/assets/lib/jquery-element-resize/jquery_resize.min871e.js]
[www.influex.com/wp-content/plugins/ultimate-elementor/assets/min-js/uael-frontend.min871e.js]
[www.influex.com/wp-content/plugins/ultimate-elementor/assets/lib/fancybox/jquery_fancybox.min871e.js]
[www.influex.com/media/index.html]
[www.influex.com/wp-content/plugins/ultimate-elementor/assets/lib/justifiedgallery/justifiedgallery.min871e.js]
[www.influex.com/wp-content/plugins/elementor/assets/css/widget-toggle.min18be.css]
[www.influex.com/wp-content/uploads/elementor/css/post-10631c1e0.css]
[www.influex.com/wp-content/themes/genesis-child/js/custom-scripte4ca.js]
[www.influex.com/wp-json/wp/v2/pages/10631.json]
[www.influex.com/wp-json/oembed/1.0/embed7995.json]
[www.influex.com/wp-json/oembed/1.0/embedb80c]
[www.influex.com/wp-content/uploads/2023/03/roland-img.png]
[www.influex.com/wp-content/uploads/2023/04/dma-img1.png]
[www.influex.com/wp-content/uploads/2023/03/Group-1988.svg]
[www.influex.com/wp-content/uploads/2023/03/Group-16734.svg]
[www.influex.com/wp-content/uploads/2023/03/Union.svg]
[www.influex.com/wp-content/uploads/2023/03/Vector.svg]
[www.influex.com/wp-content/uploads/2023/03/Vector-2.svg]
[www.influex.com/wp-content/uploads/2023/03/Vector-4.svg]
[www.influex.com/wp-content/uploads/2023/03/Group-231.svg]
[www.influex.com/wp-content/uploads/2023/03/Actualize_OS_logo.svg]
[www.influex.com/wp-content/uploads/2023/03/Group-216.svg]
[www.influex.com/wp-content/uploads/2023/03/Group-1987.svg]
[www.influex.com/wp-content/uploads/2023/03/Vector-1.svg]
[www.influex.com/wp-content/uploads/2023/03/Group-29526.svg]
[www.influex.com/wp-content/uploads/2023/03/Group-29371.svg]
[www.influex.com/wp-content/uploads/2023/03/Group-1989.svg]
[www.influex.com/wp-content/uploads/2023/03/Group-29643.svg]
[www.influex.com/wp-content/uploads/2023/03/Group-29641.svg]
[www.influex.com/wp-content/uploads/2023/03/Group-29557.svg]
[www.influex.com/wp-content/uploads/2023/03/Path-6658.svg]
[www.influex.com/wp-content/uploads/2023/03/Logo-white.svg]
[www.influex.com/wp-content/uploads/2023/03/Layer-2.svg]
[www.influex.com/wp-content/uploads/2023/03/Group-29655.svg]
[www.influex.com/wp-content/uploads/2023/03/Group-2602.svg]
[www.influex.com/wp-content/uploads/2023/03/Group-16713.svg]
[www.influex.com/wp-content/uploads/2023/03/Group-16720.svg]
[www.influex.com/wp-content/uploads/2023/03/Group-16730.svg]
[www.influex.com/wp-content/uploads/2023/03/Vector-3.svg]
[www.influex.com/wp-content/uploads/2023/04/Dmitriy-Kozlov-Signature.png]
[www.influex.com/wp-content/uploads/2023/04/number-01.png]
[www.influex.com/wp-content/uploads/2023/04/number-02.png]
[www.influex.com/wp-content/uploads/2023/04/number-03.png]
[www.influex.com/wp-content/uploads/2023/04/mike-koenigs-img.png]
[www.influex.com/wp-content/uploads/2023/04/mike-img.png]
[www.influex.com/wp-content/uploads/2023/04/ryan-img.png]
[www.influex.com/wp-content/uploads/2023/04/yanik-img.png]
[www.influex.com/wp-content/uploads/2023/04/frank-img.png]
[link.msgsndr.com/js/form_embed.js]
[www.influex.com/wp-content/uploads/2023/04/joe-img.png]
[www.influex.com/wp-content/uploads/2023/04/roland-fraiser.png]
[www.influex.com/wp-content/uploads/2023/04/jennifer-img.png]
[www.influex.com/wp-content/uploads/2023/04/sterling-img.png]
[www.influex.com/wp-content/uploads/2023/04/mike-koenigs.png]
[www.influex.com/wp-content/uploads/2023/04/sachit-img.png]
[www.influex.com/wp-content/uploads/2023/04/raj-img.png]
[www.influex.com/wp-content/uploads/2023/04/dr.-anthony-img.png]
[www.influex.com/wp-content/uploads/2023/04/adam-img.png]
[www.influex.com/apply/index.html]
[www.influex.com/wp-content/uploads/2023/03/inc-5000.svg]
[www.influex.com/wp-content/uploads/2023/03/forbes.svg]
[www.influex.com/wp-content/uploads/2023/03/entrepreneur.svg]
[www.influex.com/wp-content/uploads/2023/04/logo.svg]
[www.influex.com/wp-content/uploads/2023/04/LOGO-CHRONOSAGENCY-1.svg]
[www.influex.com/wp-content/uploads/2023/04/Path-3.svg]
[www.influex.com/wp-content/uploads/2023/04/Path-3485.svg]
[www.influex.com/wp-content/uploads/2023/04/Path-6659.svg]
[www.influex.com/wp-content/uploads/2023/04/Rectangle-1760.svg]
[www.influex.com/wp-content/uploads/2023/04/Rectangle-1761.svg]
[www.influex.com/wp-content/uploads/2023/04/Union.svg]
[www.influex.com/wp-content/uploads/2023/04/Vector.svg]
[www.influex.com/wp-content/uploads/2023/04/Vector-1.svg]
[www.influex.com/wp-content/uploads/2023/04/Vector-2.svg]
[www.influex.com/wp-content/uploads/2023/04/Vector-3.svg]
[www.influex.com/wp-content/uploads/2023/04/Vector-4.svg]
[www.influex.com/wp-content/uploads/2023/04/Vector-5.svg]
[www.influex.com/wp-content/uploads/2023/04/Vector-6.svg]
[www.influex.com/wp-content/uploads/2023/04/wcs-logo-01.svg]
[www.influex.com/wp-content/uploads/2023/04/Aaron-Wagner.svg]
[www.influex.com/wp-content/uploads/2023/04/Abundance-Amplifier.svg]
[www.influex.com/wp-content/uploads/2023/04/Adam-Roa-logo.svg]
[www.influex.com/wp-content/uploads/2023/04/Advance-Your-Reach-logo-1.svg]
[www.influex.com/wp-content/uploads/2023/04/Alex-Bates-2.svg]
[www.influex.com/wp-content/uploads/2023/04/Alex-Moscow-logo-1.svg]
[www.influex.com/wp-content/uploads/2023/04/American-Snippets-logo.svg]
[www.influex.com/wp-content/uploads/2023/04/Ari-Meisel-Less-Doing-logo.svg]
[www.influex.com/wp-content/uploads/2023/04/Ari-Meisel-logo.svg]
[www.influex.com/wp-content/uploads/2023/04/Asset-1@2x-2.svg]
[www.influex.com/wp-content/uploads/2023/04/Asset-1@2x-3.svg]
[www.influex.com/wp-content/uploads/2023/04/Asset-1@2x-4.svg]
[www.influex.com/wp-content/uploads/2023/04/Asset-1@2x-5.svg]
[www.influex.com/wp-content/uploads/2023/04/Bliss-Champions-logo-2.svg]
[www.influex.com/wp-content/uploads/2023/04/Chris-Daigle.svg]
[www.influex.com/wp-content/uploads/2023/04/Clip-path-group.svg]
[www.influex.com/wp-content/uploads/2023/04/Cosmic-Journal-logo-1.svg]
[www.influex.com/wp-content/uploads/2023/04/Group-112.svg]
[www.influex.com/wp-content/uploads/2023/04/Group-216.svg]
[www.influex.com/wp-content/uploads/2023/04/Group-797.svg]
[www.influex.com/wp-content/uploads/2023/04/Group-1988.svg]
[www.influex.com/wp-content/uploads/2023/04/Group-16705.svg]
[www.influex.com/wp-content/uploads/2023/04/Group-16720.svg]
[www.influex.com/wp-content/uploads/2023/04/Group-29557.svg]
[www.influex.com/wp-content/uploads/2023/04/Group-29641.svg]
[www.influex.com/wp-content/uploads/2023/04/Group-29643.svg]
[www.influex.com/wp-content/uploads/2023/04/Group-29655.svg]
[www.influex.com/wp-content/uploads/2023/04/Group-30070.svg]
[www.influex.com/wp-content/uploads/2023/04/Group-30118.svg]
[www.influex.com/wp-content/uploads/2023/04/Group-30144.svg]
[www.influex.com/wp-content/uploads/2023/04/Group-30145.svg]
[www.influex.com/wp-content/uploads/2023/04/Group-30146.svg]
[www.influex.com/wp-content/uploads/2023/04/Group-30151.svg]
[www.influex.com/wp-content/uploads/2023/04/Group.svg]
[www.influex.com/wp-content/uploads/2023/04/image-44.svg]
[www.influex.com/wp-content/uploads/2023/04/image-116.svg]
[www.influex.com/wp-content/uploads/2023/04/image-118.svg]
[www.influex.com/wp-content/uploads/2023/04/image-120.svg]
[www.influex.com/wp-content/uploads/2023/04/image-121.svg]
[www.influex.com/wp-content/uploads/2023/04/INVST_LOGO.svg]
[www.influex.com/wp-content/uploads/2023/04/Kirsten-Butler-logo.svg]
[www.influex.com/wp-content/uploads/2023/04/Layer-1.svg]
[www.influex.com/wp-content/uploads/2023/04/Logo-1.svg]
[www.influex.com/wp-content/uploads/2023/04/Clip-path-group-1.svg]
[www.influex.com/wp-content/uploads/2023/04/Dan-Holguin-logo-1.svg]
[www.influex.com/wp-content/uploads/2023/04/David-Schwind-logo-1.svg]
[www.influex.com/wp-content/uploads/2023/04/david-logo-1.svg]
[www.influex.com/wp-content/uploads/2023/04/Dr-Matt-Kreinheder-logo-1.svg]
[www.influex.com/wp-content/uploads/2023/04/Group-231.svg]
[www.influex.com/wp-content/uploads/2023/04/Group-695.svg]
[www.influex.com/wp-content/uploads/2023/04/Group-1987.svg]
[www.influex.com/wp-content/uploads/2023/04/Group-1989.svg]
[www.influex.com/wp-content/uploads/2023/04/Group-2033.svg]
[www.influex.com/wp-content/uploads/2023/04/Group-2602.svg]
[www.influex.com/wp-content/uploads/2023/04/Group-16713.svg]
[www.influex.com/wp-content/uploads/2023/04/Group-16730.svg]
[www.influex.com/wp-content/uploads/2023/04/Group-16734.svg]
[www.influex.com/wp-content/uploads/2023/04/Group-18889.svg]
[www.influex.com/wp-content/uploads/2023/04/Group-29371.svg]
[www.influex.com/wp-content/uploads/2023/04/Group-29526.svg]
[www.influex.com/wp-content/uploads/2023/04/Group-30157.svg]
[www.influex.com/wp-content/uploads/2023/04/Group-30165.svg]
[www.influex.com/wp-content/uploads/2023/04/Group-30169.svg]
[www.influex.com/wp-content/uploads/2023/04/Group-30184.svg]
[www.influex.com/wp-content/uploads/2023/04/Group-30186.svg]
[www.influex.com/wp-content/uploads/2023/04/Group-30192.svg]
[www.influex.com/wp-content/uploads/2023/04/Group-30205.svg]
[www.influex.com/wp-content/uploads/2023/04/Group-30208.svg]
[www.influex.com/wp-content/uploads/2023/04/Group-30211.svg]
[www.influex.com/wp-content/uploads/2023/04/Group-30216.svg]
[www.influex.com/wp-content/uploads/2023/04/Group-30218.svg]
[www.influex.com/wp-content/uploads/2023/04/Group-30239.svg]
[www.influex.com/wp-content/uploads/2023/04/Group-30278.svg]
[www.influex.com/wp-content/uploads/2023/04/Group-30285.svg]
[www.influex.com/wp-content/uploads/2023/04/Group-30292.svg]
[www.influex.com/wp-content/uploads/2023/04/Group-1.svg]
[www.influex.com/wp-content/uploads/2023/04/Group-1-1.svg]
[www.influex.com/wp-content/uploads/2023/04/Group-2.svg]
[www.influex.com/wp-content/uploads/2023/04/header-logo-2-1.svg]
[www.influex.com/wp-content/uploads/2023/04/Layer-2.svg]
[www.influex.com/wp-content/uploads/2023/04/Layer_1.svg]
[www.influex.com/wp-content/uploads/2023/04/logo-2.svg]
[www.influex.com/wp-content/uploads/2023/04/logo1-1.svg]
[www.influex.com/wp-content/uploads/2023/04/logo-1-1.svg]
[www.influex.com/wp-content/uploads/2023/04/logo-3.svg]
[www.influex.com/wp-content/uploads/2023/04/logo-4.svg]
[www.influex.com/wp-content/uploads/2023/04/logo-5.svg]
[www.influex.com/wp-content/uploads/2023/04/Logo-white.svg]
[www.influex.com/wp-content/uploads/2023/04/LS9BcACQg25II9Kt1NOS_Artboard_1_3-2.svg]
[www.influex.com/wp-content/uploads/2023/04/Path-6658.svg]
[www.influex.com/wp-content/uploads/2023/04/salvatore-logo-2.svg]
[www.influex.com/wp-content/uploads/2023/04/Vector-7.svg]
[www.influex.com/wp-content/uploads/2023/04/zander-2.svg]
[www.influex.com/wp-content/uploads/2023/04/Actualize_OS_logo.svg]
[www.influex.com/wp-content/uploads/2023/04/Asset-1@2x-6.svg]
[www.influex.com/wp-content/uploads/2023/04/b.svg]
[www.influex.com/wp-content/uploads/2023/04/b-1.svg]
[www.influex.com/wp-content/uploads/2023/04/Clip-path-group-2.svg]
[www.influex.com/wp-content/uploads/2023/03/new-portfolio-elisabeth-dawson-1-logo.svg]
[www.influex.com/wp-content/uploads/2023/03/C-logo.svg]
[www.influex.com/wp-content/uploads/2023/03/i.svg]
[www.influex.com/wp-content/uploads/2023/03/footer-icon-02.svg]
[www.influex.com/wp-content/uploads/2023/03/naked-truth.svg]
[www.influex.com/wp-content/uploads/2023/03/footer-icon-03.svg]
[www.influex.com/wp-content/uploads/2023/03/forward-flow.svg]
[www.influex.com/wp-content/uploads/2023/03/footer-icon-04.svg]
[www.influex.com/wp-content/uploads/2023/03/love-more.svg]
[www.influex.com/wp-content/uploads/2023/03/upward-spiral-1.svg]
[www.influex.com/wp-content/uploads/2023/03/forword.svg]
[www.influex.com/wp-content/uploads/2023/03/footer-icon-06.svg]
[www.influex.com/wp-content/uploads/2023/03/express-your-essence.svg]
[www.influex.com/wp-content/uploads/2023/03/footer-icon-07.svg]
[www.influex.com/wp-content/uploads/2023/03/go-top.svg]
[www.influex.com/wp-content/uploads/elementor/css/post-753dae5.css]
[www.influex.com/wp-json/wp/v2/pages/753.json]
[www.influex.com/wp-json/oembed/1.0/embede236.json]
[www.influex.com/terms-of-use/index.html]
[www.influex.com/wp-json/oembed/1.0/embeda396]
[www.influex.com/wp-content/uploads/elementor/css/post-75678b7.css]
[www.influex.com/wp-content/themes/genesis-child/js/custom-scriptd52a.js]
[www.influex.com/wp-json/wp/v2/pages/756.json]
[www.influex.com/wp-json/oembed/1.0/embede63f.json]
[www.influex.com/privacy-policy/index.html]
[www.influex.com/wp-admin/admin-ajax.html]
[www.influex.com/wp-content/uploads/2024/03/break-free-updates-1.svg]
[www.influex.com/wp-content/uploads/2024/03/plugins-to-update.svg]
[www.influex.com/wp-content/uploads/elementor/css/post-1041992cf.css]
[www.influex.com/wp-content/plugins/elementor/assets/css/widget-icon-list.min18be.css]
[www.influex.com/wp-content/plugins/elementor-pro/assets/css/modules/motion-fx.min401f.css]
[www.influex.com/wp-content/uploads/2022/03/AvenirLTStd-Roman.svg]
[www.influex.com/wp-content/uploads/2022/03/Avenir-Medium.svg]
[www.influex.com/wp-content/uploads/2022/03/Avenir-Black.svg]
[www.influex.com/wp-content/uploads/2023/02/RMConnectRegular.svg]
[www.influex.com/wp-content/uploads/2023/06/Gilroy-ExtraBold.svg]
[www.influex.com/wp-content/uploads/2023/06/Gilroy-Medium.svg]
[www.influex.com/wp-content/uploads/2023/06/Gilroy-Regular.svg]
[www.influex.com/wp-content/uploads/2023/06/Gilroy-Light.svg]
[www.influex.com/wp-content/uploads/2024/01/CindoyScript.svg]
[www.influex.com/wp-content/uploads/2024/03/SFProDisplay-Bold.svg]
[www.influex.com/wp-content/uploads/2024/03/SFProDisplay-Medium.svg]
[www.influex.com/wp-content/uploads/2024/03/SFProDisplay-Regular.svg]
[www.influex.com/wp-content/uploads/2018/07/icon-user.html]
[www.influex.com/wp-content/uploads/2018/07/icon-email.html]
[www.influex.com/wp-content/uploads/2018/07/icon-phone.html]
[www.influex.com/wp-content/uploads/2023/03/view-website-btn-active.svg]
[www.influex.com/wp-content/uploads/2023/03/square-border.svg]
[www.influex.com/wp-content/uploads/2023/03/filter-btn-active.svg]
[www.influex.com/wp-content/plugins/elementor/assets/lib/eicons/fonts/eiconsbe76.svg]
[www.influex.com/wp-content/plugins/elementor/assets/lib/font-awesome/webfonts/fa-brands-400.svg]
[www.influex.com/wp-content/plugins/elementor/assets/lib/font-awesome/webfonts/fa-solid-900.svg]
[www.influex.com/wp-content/plugins/elementor/assets/lib/font-awesome/webfonts/fa-regular-400.svg]
[www.influex.com/wp-json/oembed/1.0/embedab3f]
[cdnjs.cloudflare.com/ajax/libs/slick-carousel/1.8.1/fonts/slick.svg]
[www.influex.com/wp-content/plugins/elementor/assets/css/widget-divider.min18be.css]
[www.influex.com/wp-content/plugins/elementor/assets/css/widget-testimonial.min18be.css]
[www.influex.com/wp-content/plugins/elementor/assets/css/widget-image-carousel.min18be.css]
[www.influex.com/wp-content/uploads/2024/10/about-section-01-bg.jpg]
[www.influex.com/wp-content/uploads/2024/11/about-section-02-bg-mob.jpg]
[www.influex.com/wp-content/uploads/2024/10/about-section-02-bg-overlay.png]
[www.influex.com/wp-content/uploads/2024/10/about-section-02-line-bg2.png]
[www.influex.com/wp-content/uploads/2024/11/about-bg-3.jpg]
[www.influex.com/wp-content/uploads/2024/10/about-section-03-img-01.png]
[www.influex.com/wp-content/uploads/2024/10/about-section-03-img-02.png]
[www.influex.com/wp-content/uploads/2024/10/about-section-03-img-03.png]
[www.influex.com/wp-content/uploads/2024/10/about-section-03-img-04.png]
[www.influex.com/wp-content/uploads/2024/11/peter.png]
[www.influex.com/wp-content/uploads/2024/10/about-section-03-img-05.png]
[www.influex.com/wp-content/uploads/2024/10/about-section-03-img-06.png]
[www.influex.com/wp-content/uploads/2024/10/about-section-03-img-7.png]
[www.influex.com/wp-content/uploads/2024/11/crista.png]
[www.influex.com/wp-content/uploads/2024/10/about-section-03-img-08.png]
[www.influex.com/wp-content/uploads/2024/10/about-section-03-img-09.png]
[www.influex.com/wp-content/uploads/2024/11/abegail.png]
[www.influex.com/wp-content/uploads/2024/10/about-section-03-img-10.png]
[www.influex.com/wp-content/uploads/2024/10/about-section-3-img-11.png]
[www.influex.com/wp-content/uploads/2024/10/about-section-03-img-16.png]
[www.influex.com/wp-content/uploads/2024/10/about-section-03-img-12.png]
[www.influex.com/wp-content/uploads/2024/10/about-section-03-img-13.png]
[www.influex.com/wp-content/uploads/2024/10/about-section-03-img-14.png]
[www.influex.com/wp-content/uploads/2024/10/about-section-03-img-15.png]
[www.influex.com/wp-content/uploads/2024/11/about-bg-4.jpg]
[www.influex.com/wp-content/uploads/2024/10/about-section-05-bg.jpg]
[www.influex.com/wp-content/uploads/2024/11/mobile-bg.jpg]
[www.influex.com/wp-content/uploads/2024/11/Subtract.png]
[www.influex.com/wp-content/uploads/2024/11/team-mobile.jpg]
[www.influex.com/wp-content/uploads/2024/11/dima.png]
[www.influex.com/wp-content/uploads/2024/11/carla.png]
[www.influex.com/wp-content/uploads/2024/11/angela.png]
[www.influex.com/wp-content/uploads/2024/11/brandon.png]
[www.influex.com/wp-content/uploads/2024/11/deonay.png]
[www.influex.com/wp-content/uploads/2024/11/shiela.png]
[www.influex.com/wp-content/uploads/2024/11/hazel.png]
[www.influex.com/wp-content/uploads/2024/11/michael.png]
[www.influex.com/wp-content/uploads/2024/11/jennifer.png]
[www.influex.com/wp-content/uploads/2024/11/analuna.png]
[www.influex.com/wp-content/uploads/2024/10/btn-black-bg.png]
[www.influex.com/wp-content/uploads/2024/11/mob-logo.png]
[www.influex.com/wp-content/uploads/elementor/css/post-123250d8a.css]
[www.influex.com/indexffe5.html]
[www.influex.com/wp-content/uploads/2024/10/logo-influex-1.svg]
[www.influex.com/wp-content/uploads/2024/10/n-letter.svg]
[www.influex.com/wp-content/uploads/2021/04/section-03-image.png]
[www.influex.com/wp-content/uploads/2023/04/load-hover.png]
[www.influex.com/wp-content/uploads/2023/04/hex-border.png]
[www.influex.com/wp-content/uploads/2023/04/hex-overlay.png]
[www.influex.com/wp-content/uploads/elementor/css/post-10755e57c.css]
[www.influex.com/indexad8f.html]
[cdn.jsdelivr.net/npm/swiper@9/swiper-bundle.min.css]
[www.influex.com/wp-content/uploads/2023/03/portfolio-quote.svg]
[www.influex.com/wp-content/uploads/2021/07/process-section-01-background.jpg]
[www.influex.com/wp-content/uploads/2021/07/wwa-section-02-overlay.png]
[www.influex.com/wp-content/uploads/2021/05/gradient-border-1.png]
[www.influex.com/wp-content/uploads/2021/09/process-section-03-bg.jpg]
[www.influex.com/wp-content/uploads/2021/09/process-section-03-bg-img.jpg]
[www.influex.com/wp-content/uploads/2021/09/tab-bg-01.jpg]
[www.influex.com/wp-content/uploads/2021/09/tab-bg-02.jpg]
[www.influex.com/wp-content/uploads/2021/09/tab-bg-03.jpg]
[www.influex.com/wp-content/uploads/2021/09/process-section-06-bg.jpg]
[www.influex.com/wp-content/uploads/2021/09/process-new-bg_01.png]
[www.influex.com/wp-content/uploads/2021/07/process-section-07-polygon.png]
[www.influex.com/wp-content/uploads/2021/09/process-new-bg_02.jpg]
[www.influex.com/wp-content/uploads/2021/09/process-new-bg_03.png]
[www.influex.com/wp-content/uploads/2021/09/process-new-bg_04.jpg]
[www.influex.com/wp-content/uploads/2021/09/process-new-bg_05.jpg]
[www.influex.com/wp-content/uploads/2021/07/process-section-13-col-img.jpg]
[www.influex.com/wp-content/uploads/2021/09/process-new-bg_06.jpg]
[www.influex.com/wp-content/uploads/2021/07/process-section-07-background.png]
[www.influex.com/wp-content/uploads/2021/09/process-new-bg-img.jpg]
[www.influex.com/wp-content/uploads/2021/09/bottom-angle-01.png]
[www.influex.com/wp-content/uploads/2021/09/bottom-angle-02.png]
[www.influex.com/wp-content/uploads/2021/07/gradien-bg.png]
[www.influex.com/wp-content/uploads/2021/07/color-border.png]
[www.influex.com/wp-content/uploads/elementor/css/post-9025b6a.css]
[www.influex.com/index2f19.html]
[www.influex.com/peace-of-mind/index.html]
[www.influex.com/wp-content/uploads/2022/09/media-bg-mob-1.png]
[www.influex.com/wp-content/uploads/2022/09/media-overlay-sec.png]
[www.influex.com/wp-content/uploads/elementor/css/post-950079a6.css]
[www.influex.com/indexcc9e.html]
[cdnjs.cloudflare.com/ajax/libs/magnific-popup.js/1.1.0/magnific-popup.min.css]
[www.influex.com/wp-content/uploads/2022/09/media-influex-title.svg]
[www.influex.com/wp-content/uploads/2022/09/media-genius.svg]
[www.influex.com/wp-content/uploads/2022/09/media-conscious.svg]
[www.influex.com/wp-content/uploads/2022/09/media-war-room.svg]
[www.influex.com/wp-content/uploads/2022/09/media-lewis.svg]
[www.influex.com/wp-content/uploads/2022/09/shorten-the-gap.svg]
[www.influex.com/wp-content/uploads/2023/03/influex-icon.svg]
[www.influex.com/wp-includes/css/dist/block-library/style.min9704.css]
[www.influex.com/wp-content/uploads/2018/05/JulesSchroeder-Blog-Post.jpg]
[www.influex.com/wp-content/plugins/elementor-pro/assets/css/widget-author-box.min401f.css]
[www.influex.com/wp-content/plugins/elementor/assets/css/widget-video.min18be.css]
[www.influex.com/wp-content/plugins/elementor-pro/assets/css/widget-social.min401f.css]
[www.influex.com/wp-content/uploads/elementor/css/post-289e0c1.css]
[www.influex.com/wp-content/themes/genesis-child/js/custom-scriptbb19.js]
[www.influex.com/wp-json/wp/v2/posts/1904.json]
[www.influex.com/wp-json/oembed/1.0/embed99cf.json]
[www.influex.com/wp-json/oembed/1.0/embedd93a]
[www.influex.com/wp-content/uploads/2021/08/JulesSchroeder-Blog-Post.jpg]
[www.influex.com/wp-content/uploads/2021/08/Dimas-Page-FB-Ad-1024x536.jpg]
[www.influex.com/wp-content/uploads/2017/10/influex2.png]
[www.influex.com/wp-content/uploads/2017/10/Influex_FB_Ads_2D.png]
[www.influex.com/25-websites-lift-1000-people-from-extreme-poverty/index.html]
[www.influex.com/wp-content/uploads/2021/03/core-culture-codes-individual-01.png]
[www.influex.com/the-6-figure-earners-guide-to-branding-with-dmitriy-kozlov/index.html]
[www.influex.com/three-pillars-of-an-exceptional-personal-brand-site/index.html]
[www.influex.com/wp-content/uploads/2023/04/logo-influex.svg]
[www.influex.com/wp-content/plugins/elementor/assets/css/widget-toggle.min18be.css]
[www.influex.com/a-little-purple-pill-for-my-fullest-xpression/index.html]
[www.influex.com/wp-content/uploads/2023/04/apply-section-01-bg1.jpg]
[www.influex.com/wp-content/uploads/2023/04/apply-section-03-background.jpg]
[www.influex.com/wp-content/uploads/2023/04/apply-section-03-bg-02.jpg]
[www.influex.com/wp-content/uploads/2023/03/gold-bg.png]
[www.influex.com/wp-content/uploads/2023/02/btn-bg-transparent-1.png]
[www.influex.com/wp-content/uploads/2022/09/play-icon.png]
[www.influex.com/wp-content/uploads/2023/03/flex-funds-overlay.png]
[www.influex.com/wp-content/uploads/elementor/css/post-10631c1e0.css]
[www.influex.com/index9c72.html]
[www.influex.com/wp-content/uploads/2023/03/Group-1988.svg]
[www.influex.com/wp-content/uploads/2023/03/Group-16734.svg]
[www.influex.com/wp-content/uploads/2023/03/Union.svg]
[www.influex.com/wp-content/uploads/2023/03/Vector.svg]
[www.influex.com/wp-content/uploads/2023/03/Vector-2.svg]
[www.influex.com/wp-content/uploads/2023/03/Vector-4.svg]
[www.influex.com/wp-content/uploads/2023/03/Group-231.svg]
[www.influex.com/wp-content/uploads/2023/03/Actualize_OS_logo.svg]
[www.influex.com/wp-content/uploads/2023/03/Group-216.svg]
[www.influex.com/wp-content/uploads/2023/03/Group-1987.svg]
[www.influex.com/wp-content/uploads/2023/03/Vector-1.svg]
[www.influex.com/wp-content/uploads/2023/03/Group-29526.svg]
[www.influex.com/wp-content/uploads/2023/03/Group-29371.svg]
[www.influex.com/wp-content/uploads/2023/03/Group-1989.svg]
[www.influex.com/wp-content/uploads/2023/03/Group-29643.svg]
[www.influex.com/wp-content/uploads/2023/03/Group-29641.svg]
[www.influex.com/wp-content/uploads/2023/03/Group-29557.svg]
[www.influex.com/wp-content/uploads/2023/03/Path-6658.svg]
[www.influex.com/wp-content/uploads/2023/03/Logo-white.svg]
[www.influex.com/wp-content/uploads/2023/03/Layer-2.svg]
[www.influex.com/wp-content/uploads/2023/03/Group-29655.svg]
[www.influex.com/wp-content/uploads/2023/03/Group-2602.svg]
[www.influex.com/wp-content/uploads/2023/03/Group-16713.svg]
[www.influex.com/wp-content/uploads/2023/03/Group-16720.svg]
[www.influex.com/wp-content/uploads/2023/03/Group-16730.svg]
[www.influex.com/wp-content/uploads/2023/03/Vector-3.svg]
[www.influex.com/wp-content/uploads/2021/03/influex-section-01-background.jpg]
[www.influex.com/wp-content/uploads/elementor/css/post-753dae5.css]
[www.influex.com/indexf31a.html]
[www.influex.com/wp-content/uploads/elementor/css/post-75678b7.css]
[www.influex.com/index79e7.html]
[www.influex.com/wp-includes/css/dist/block-library/style.min9704.css]
[www.influex.com/wp-content/plugins/elementor-pro/assets/css/widget-author-box.min401f.css]
[www.influex.com/wp-content/plugins/elementor/assets/css/widget-video.min18be.css]
[www.influex.com/wp-content/plugins/elementor-pro/assets/css/widget-social.min401f.css]
[www.influex.com/wp-content/uploads/2021/04/gold-border-bottom.png]
[www.influex.com/wp-content/uploads/2021/05/blog-image-08.png]
[www.influex.com/wp-content/uploads/2021/05/blog-image-09.png]
[www.influex.com/wp-content/uploads/elementor/css/post-289e0c1.css]
[www.influex.com/indexb342.html]
[www.influex.com/wp-content/themes/genesis-child/js/custom-script96a4.js]
[www.influex.com/wp-json/wp/v2/posts/785.json]
[www.influex.com/wp-json/oembed/1.0/embedea27.json]
[www.influex.com/wp-json/oembed/1.0/embedac72]
[www.influex.com/wp-content/uploads/2017/10/2017-10-20_2250.png]
[www.influex.com/wp-content/uploads/2017/10/Influex_FB_Ads_3E-2-1024x536.png]
[www.influex.com/25-websites-lift-1000-people-from-extreme-poverty/index.html]
[www.influex.com/wp-content/themes/genesis-child/js/custom-script9039.js]
[www.influex.com/wp-json/wp/v2/posts/934.json]
[www.influex.com/wp-json/oembed/1.0/embedfb96.json]
[www.influex.com/wp-json/oembed/1.0/embed4e9f]
[www.influex.com/wp-content/uploads/2017/10/photography_shots.png]
[www.influex.com/wp-content/uploads/2017/10/pointing-directions.png]
[www.influex.com/wp-content/uploads/2017/10/variety_facial.png]
[www.influex.com/wp-content/uploads/2017/10/Influex_FB_Ads_1E.png]
[www.influex.com/three-pillars-of-an-exceptional-personal-brand-site/index.html]
[www.influex.com/wp-json/wp/v2/posts/4904.json]
[www.influex.com/wp-json/oembed/1.0/embed912a.json]
[www.influex.com/wp-json/oembed/1.0/embed1e25]
[www.influex.com/wp-content/uploads/2017/11/15626489_1364062043625131_3264944314463515311_o.jpg]
[www.influex.com/wp-content/uploads/2017/11/Screenshot-2017-10-31-22.06.49.png]
[www.influex.com/wp-content/uploads/2017/11/15625910_1364061056958563_3394137856320436535_o.jpg]
[www.influex.com/a-little-purple-pill-for-my-fullest-xpression/index.html]
[www.influex.com/index6996.html]
[www.influex.com/indexb82b.html]
[www.influex.com/app/index.html]
[www.influex.com/index38fc.html]
